[Wed Jun 17 19:39:17.494506 2026] [php:error] [pid 15952:tid 1356] [client ::1:59084] PHP Fatal error:  Uncaught TypeError: Cannot assign null to property Contatos::$usuario_idfk of type string in C:\\WebServer\\Apache24\\htdocs\\Agenda\\app\\models\\Contatos.php:56\nStack trace:\n#0 C:\\WebServer\\Apache24\\htdocs\\Agenda\\app\\controllers\\cadastrar_contatos.php(13): Contatos->CadastrarContatos('Caroline', '46999889988', 'caroline@gmail....', 'preciosa i', NULL)\n#1 {main}\n  thrown in C:\\WebServer\\Apache24\\htdocs\\Agenda\\app\\models\\Contatos.php on line 56, referer: http://localhost/agenda/app/views/novocontato.php
[Wed Jun 17 19:40:53.918049 2026] [php:warn] [pid 15952:tid 1348] [client ::1:55593] PHP Warning:  Undefined array key "id" in C:\\WebServer\\Apache24\\htdocs\\Agenda\\app\\models\\User.php on line 33, referer: http://localhost/agenda/
[Wed Jun 17 19:41:23.669935 2026] [php:error] [pid 15952:tid 1356] [client ::1:55404] PHP Fatal error:  Uncaught TypeError: Cannot assign null to property Contatos::$usuario_idfk of type string in C:\\WebServer\\Apache24\\htdocs\\Agenda\\app\\models\\Contatos.php:56\nStack trace:\n#0 C:\\WebServer\\Apache24\\htdocs\\Agenda\\app\\controllers\\cadastrar_contatos.php(13): Contatos->CadastrarContatos('Caroline', '46999889988', 'caroline@gmail....', 'preciosa I', NULL)\n#1 {main}\n  thrown in C:\\WebServer\\Apache24\\htdocs\\Agenda\\app\\models\\Contatos.php on line 56, referer: http://localhost/agenda/app/views/novocontato.php
[Wed Jun 17 19:46:13.769241 2026] [php:warn] [pid 15952:tid 1356] [client ::1:56374] PHP Warning:  Undefined array key "id" in C:\\WebServer\\Apache24\\htdocs\\Agenda\\app\\models\\User.php on line 33, referer: http://localhost/agenda/
[Wed Jun 17 19:50:36.319100 2026] [php:notice] [pid 15952:tid 1348] [client ::1:57266] PHP Deprecated:  Creation of dynamic property Contatos::$url is deprecated in C:\\WebServer\\Apache24\\htdocs\\Agenda\\app\\models\\Contatos.php on line 57, referer: http://localhost/agenda/app/views/novocontato.php
[Wed Jun 17 19:50:36.327383 2026] [php:error] [pid 15952:tid 1348] [client ::1:57266] PHP Fatal error:  Uncaught PDOException: SQLSTATE[42703]: Undefined column: 7 ERRO:  coluna "usuario_idfk" da rela\xc3\xa7\xc3\xa3o "usuarios" n\xc3\xa3o existe\nLINE 1: ... INTO usuarios (nome, email, telefone, descricao, usuario_id...\n                                                             ^ in C:\\WebServer\\Apache24\\htdocs\\Agenda\\app\\models\\Contatos.php:70\nStack trace:\n#0 C:\\WebServer\\Apache24\\htdocs\\Agenda\\app\\models\\Contatos.php(70): PDOStatement->execute()\n#1 C:\\WebServer\\Apache24\\htdocs\\Agenda\\app\\controllers\\cadastrar_contatos.php(13): Contatos->CadastrarContatos('Caroline', '46999889988', 'caroline@gmail....', 'Preciosa I', 1)\n#2 {main}\n  thrown in C:\\WebServer\\Apache24\\htdocs\\Agenda\\app\\models\\Contatos.php on line 70, referer: http://localhost/agenda/app/views/novocontato.php
[Wed Jun 17 19:51:46.260282 2026] [php:notice] [pid 15952:tid 1356] [client ::1:49538] PHP Deprecated:  Creation of dynamic property Contatos::$url is deprecated in C:\\WebServer\\Apache24\\htdocs\\Agenda\\app\\models\\Contatos.php on line 57, referer: http://localhost/agenda/app/views/novocontato.php
[Wed Jun 17 19:51:46.264651 2026] [php:error] [pid 15952:tid 1356] [client ::1:49538] PHP Fatal error:  Uncaught PDOException: SQLSTATE[42703]: Undefined column: 7 ERRO:  coluna "usuario_idfk" da rela\xc3\xa7\xc3\xa3o "usuarios" n\xc3\xa3o existe\nLINE 1: ... INTO usuarios (nome, email, telefone, descricao, usuario_id...\n                                                             ^ in C:\\WebServer\\Apache24\\htdocs\\Agenda\\app\\models\\Contatos.php:70\nStack trace:\n#0 C:\\WebServer\\Apache24\\htdocs\\Agenda\\app\\models\\Contatos.php(70): PDOStatement->execute()\n#1 C:\\WebServer\\Apache24\\htdocs\\Agenda\\app\\controllers\\cadastrar_contatos.php(13): Contatos->CadastrarContatos('Caroline', '46999889988', 'caroline@gmail....', 'Preciosa I', 1)\n#2 {main}\n  thrown in C:\\WebServer\\Apache24\\htdocs\\Agenda\\app\\models\\Contatos.php on line 70, referer: http://localhost/agenda/app/views/novocontato.php
[Wed Jun 17 19:52:03.326234 2026] [php:notice] [pid 15952:tid 1348] [client ::1:57732] PHP Deprecated:  Creation of dynamic property Contatos::$url is deprecated in C:\\WebServer\\Apache24\\htdocs\\Agenda\\app\\models\\Contatos.php on line 57, referer: http://localhost/agenda/app/views/novocontato.php
[Wed Jun 17 19:52:03.326234 2026] [php:error] [pid 15952:tid 1348] [client ::1:57732] PHP Fatal error:  Uncaught PDOException: SQLSTATE[42703]: Undefined column: 7 ERRO:  coluna "usuario_idfk" da rela\xc3\xa7\xc3\xa3o "usuarios" n\xc3\xa3o existe\nLINE 1: ... INTO usuarios (nome, email, telefone, descricao, usuario_id...\n                                                             ^ in C:\\WebServer\\Apache24\\htdocs\\Agenda\\app\\models\\Contatos.php:70\nStack trace:\n#0 C:\\WebServer\\Apache24\\htdocs\\Agenda\\app\\models\\Contatos.php(70): PDOStatement->execute()\n#1 C:\\WebServer\\Apache24\\htdocs\\Agenda\\app\\controllers\\cadastrar_contatos.php(13): Contatos->CadastrarContatos('Fernanda', '46999889988', 'caroline@gmail....', 'kk', 1)\n#2 {main}\n  thrown in C:\\WebServer\\Apache24\\htdocs\\Agenda\\app\\models\\Contatos.php on line 70, referer: http://localhost/agenda/app/views/novocontato.php
[Wed Jun 17 19:52:15.833827 2026] [php:error] [pid 15952:tid 1356] [client ::1:58213] PHP Fatal error:  Uncaught PDOException: SQLSTATE[42703]: Undefined column: 7 ERRO:  coluna "usuario_idfk" da rela\xc3\xa7\xc3\xa3o "usuarios" n\xc3\xa3o existe\nLINE 1: ... INTO usuarios (nome, email, telefone, descricao, usuario_id...\n                                                             ^ in C:\\WebServer\\Apache24\\htdocs\\Agenda\\app\\models\\Contatos.php:70\nStack trace:\n#0 C:\\WebServer\\Apache24\\htdocs\\Agenda\\app\\models\\Contatos.php(70): PDOStatement->execute()\n#1 C:\\WebServer\\Apache24\\htdocs\\Agenda\\app\\controllers\\cadastrar_contatos.php(13): Contatos->CadastrarContatos('Fernanda', '46999889988', 'caroline@gmail....', 'kk', 1)\n#2 {main}\n  thrown in C:\\WebServer\\Apache24\\htdocs\\Agenda\\app\\models\\Contatos.php on line 70, referer: http://localhost/agenda/app/views/novocontato.php
[Wed Jun 17 19:56:22.607575 2026] [php:error] [pid 15952:tid 1356] [client ::1:64527] script 'C:/WebServer/Apache24/htdocs/painel/app/views/cadastro_contato.php' not found or unable to stat, referer: http://localhost/agenda/app/controllers/cadastrar_contatos.php
[Wed Jun 17 19:57:32.801862 2026] [php:error] [pid 15952:tid 1348] [client ::1:63976] script 'C:/WebServer/Apache24/htdocs/painel/app/views/cadastro_contato.php' not found or unable to stat, referer: http://localhost/agenda/app/controllers/cadastrar_contatos.php
[Wed Jun 17 19:57:34.259848 2026] [php:error] [pid 15952:tid 1348] [client ::1:63976] script 'C:/WebServer/Apache24/htdocs/painel/app/views/cadastro_contato.php' not found or unable to stat, referer: http://localhost/agenda/app/controllers/cadastrar_contatos.php
[Wed Jun 17 19:58:19.619520 2026] [php:error] [pid 15952:tid 1356] [client ::1:52550] script 'C:/WebServer/Apache24/htdocs/Agenda/app/views/cadastro_contato.php' not found or unable to stat, referer: http://localhost/agenda/app/controllers/cadastrar_contatos.php
[Wed Jun 17 19:59:25.870666 2026] [php:error] [pid 15952:tid 1356] [client ::1:63660] script 'C:/WebServer/Apache24/htdocs/Agenda/app/views/cadastro_contato.php' not found or unable to stat, referer: http://localhost/Agenda/app/controllers/cadastrar_contatos.php
[Wed Jun 17 20:00:53.716282 2026] [php:error] [pid 15952:tid 1348] [client ::1:62624] script 'C:/WebServer/Apache24/htdocs/Agenda/app/views/editar_usuario.php' not found or unable to stat, referer: http://localhost/Agenda/app/views/contatos.php
[Wed Jun 17 20:56:54.880279 2026] [php:warn] [pid 15952:tid 1356] [client ::1:61798] PHP Warning:  Undefined array key "url" in C:\\WebServer\\Apache24\\htdocs\\Agenda\\app\\views\\contatos.php on line 60, referer: http://localhost/Agenda/app/views/novocontato.php
[Wed Jun 17 20:56:54.880279 2026] [php:warn] [pid 15952:tid 1356] [client ::1:61798] PHP Warning:  Undefined array key "url" in C:\\WebServer\\Apache24\\htdocs\\Agenda\\app\\views\\contatos.php on line 60, referer: http://localhost/Agenda/app/views/novocontato.php
[Wed Jun 17 20:56:54.880279 2026] [php:warn] [pid 15952:tid 1356] [client ::1:61798] PHP Warning:  Undefined array key "url" in C:\\WebServer\\Apache24\\htdocs\\Agenda\\app\\views\\contatos.php on line 60, referer: http://localhost/Agenda/app/views/novocontato.php
[Wed Jun 17 20:56:54.880279 2026] [php:warn] [pid 15952:tid 1356] [client ::1:61798] PHP Warning:  Undefined array key "url" in C:\\WebServer\\Apache24\\htdocs\\Agenda\\app\\views\\contatos.php on line 60, referer: http://localhost/Agenda/app/views/novocontato.php
[Wed Jun 17 20:56:54.880279 2026] [php:warn] [pid 15952:tid 1356] [client ::1:61798] PHP Warning:  Undefined array key "url" in C:\\WebServer\\Apache24\\htdocs\\Agenda\\app\\views\\contatos.php on line 60, referer: http://localhost/Agenda/app/views/novocontato.php
[Wed Jun 17 20:56:54.880279 2026] [php:warn] [pid 15952:tid 1356] [client ::1:61798] PHP Warning:  Undefined array key "url" in C:\\WebServer\\Apache24\\htdocs\\Agenda\\app\\views\\contatos.php on line 60, referer: http://localhost/Agenda/app/views/novocontato.php
[Wed Jun 17 20:57:44.344934 2026] [php:error] [pid 15952:tid 1356] [client ::1:55145] script 'C:/WebServer/Apache24/htdocs/Agenda/app/views/editar_usuario.php' not found or unable to stat, referer: http://localhost/Agenda/app/views/contatos.php
[Wed Jun 17 21:43:48.415081 2026] [php:error] [pid 15952:tid 1348] [client ::1:57549] script 'C:/WebServer/Apache24/htdocs/Agenda/app/views/editar_usuario.php' not found or unable to stat, referer: http://localhost/Agenda/app/views/contatos.php
[Wed Jun 17 21:44:42.632836 2026] [php:error] [pid 15952:tid 1356] [client ::1:60098] script 'C:/WebServer/Apache24/htdocs/Agenda/app/views/editarcontatos.php' not found or unable to stat
[Wed Jun 17 21:50:27.419336 2026] [php:error] [pid 15952:tid 1348] [client ::1:59826] script 'C:/WebServer/Apache24/htdocs/Agenda/app/views/editar_usuario.php' not found or unable to stat, referer: http://localhost/Agenda/app/views/contatos.php
[Wed Jun 17 22:01:09.297836 2026] [php:error] [pid 15952:tid 1348] [client ::1:50154] script 'C:/WebServer/Apache24/htdocs/Agenda/app/views/editar_usuario.php' not found or unable to stat, referer: http://localhost/Agenda/app/views/contatos.php
[Thu Jun 18 07:25:21.566978 2026] [php:error] [pid 15952:tid 1348] [client ::1:53445] script 'C:/WebServer/Apache24/htdocs/Agenda/app/views/editar_usuario.php' not found or unable to stat, referer: http://localhost/Agenda/app/views/contatos.php
[Mon Jun 22 19:10:05.226425 2026] [php:error] [pid 15952:tid 1348] [client ::1:49428] script 'C:/WebServer/Apache24/htdocs/Agenda/app/views/editar_usuario.php' not found or unable to stat, referer: http://localhost/Agenda/app/views/contatos.php
[Mon Jun 22 19:10:12.043702 2026] [php:error] [pid 15952:tid 1356] [client ::1:65353] script 'C:/WebServer/Apache24/htdocs/Agenda/app/views/compromissos.php' not found or unable to stat, referer: http://localhost/Agenda/app/views/contatos.php
[Mon Jun 22 19:10:18.767769 2026] [php:error] [pid 15952:tid 1348] [client ::1:58051] script 'C:/WebServer/Apache24/htdocs/Agenda/app/views/compromissos.php' not found or unable to stat, referer: http://localhost/Agenda/app/views/contatos.php
[Mon Jun 22 19:11:39.274781 2026] [php:error] [pid 15952:tid 1356] [client ::1:61610] script 'C:/WebServer/Apache24/htdocs/Agenda/app/views/compromissos.php' not found or unable to stat, referer: http://localhost/Agenda/app/views/novocontato.php
[Mon Jun 22 19:27:01.918874 2026] [php:error] [pid 15952:tid 1348] [client ::1:57966] PHP Fatal error:  Uncaught PDOException: SQLSTATE[23505]: Unique violation: 7 ERRO:  duplicar valor da chave viola a restri\xc3\xa7\xc3\xa3o de unicidade "usuarios_email_key"\nDETAIL:  Chave (email)=(fernanda.berns18@gmail.com) j\xc3\xa1 existe. in C:\\WebServer\\Apache24\\htdocs\\Agenda\\app\\models\\User.php:118\nStack trace:\n#0 C:\\WebServer\\Apache24\\htdocs\\Agenda\\app\\models\\User.php(118): PDOStatement->execute()\n#1 C:\\WebServer\\Apache24\\htdocs\\Agenda\\app\\controllers\\cadastrar_usuario.php(11): User->CadastrarUsuario('Fernanda', 'fernanda.berns1...', 'e10adc3949ba59a...')\n#2 {main}\n  thrown in C:\\WebServer\\Apache24\\htdocs\\Agenda\\app\\models\\User.php on line 118, referer: http://localhost/Agenda/cadastrar.html
[Mon Jun 22 19:27:34.608935 2026] [php:error] [pid 15952:tid 1348] [client ::1:58569] PHP Fatal error:  Uncaught PDOException: SQLSTATE[42P01]: Undefined table: 7 ERRO:  rela\xc3\xa7\xc3\xa3o "compromissos" n\xc3\xa3o existe\nLINE 1: SELECT * FROM compromissos ORDER BY data_compromisso ASC, ho...\n                      ^ in C:\\WebServer\\Apache24\\htdocs\\Agenda\\app\\models\\Compromissos.php:44\nStack trace:\n#0 C:\\WebServer\\Apache24\\htdocs\\Agenda\\app\\models\\Compromissos.php(44): PDOStatement->execute()\n#1 C:\\WebServer\\Apache24\\htdocs\\Agenda\\app\\views\\compromissos.php(8): Compromissos->ListarTodosCompromissos()\n#2 {main}\n  thrown in C:\\WebServer\\Apache24\\htdocs\\Agenda\\app\\models\\Compromissos.php on line 44, referer: http://localhost/Agenda/app/views/contatos.php
[Mon Jun 22 19:27:56.999235 2026] [php:error] [pid 15952:tid 1356] [client ::1:63327] PHP Fatal error:  Uncaught PDOException: SQLSTATE[42P01]: Undefined table: 7 ERRO:  rela\xc3\xa7\xc3\xa3o "compromissos" n\xc3\xa3o existe\nLINE 1: SELECT * FROM compromissos ORDER BY data_compromisso ASC, ho...\n                      ^ in C:\\WebServer\\Apache24\\htdocs\\Agenda\\app\\models\\Compromissos.php:44\nStack trace:\n#0 C:\\WebServer\\Apache24\\htdocs\\Agenda\\app\\models\\Compromissos.php(44): PDOStatement->execute()\n#1 C:\\WebServer\\Apache24\\htdocs\\Agenda\\app\\views\\compromissos.php(8): Compromissos->ListarTodosCompromissos()\n#2 {main}\n  thrown in C:\\WebServer\\Apache24\\htdocs\\Agenda\\app\\models\\Compromissos.php on line 44, referer: http://localhost/Agenda/app/views/contatos.php
[Mon Jun 22 19:41:37.441555 2026] [php:error] [pid 15952:tid 1348] [client ::1:61491] PHP Fatal error:  Uncaught PDOException: SQLSTATE[42703]: Undefined column: 7 ERRO:  coluna "data_compromisso" n\xc3\xa3o existe\nLINE 1: SELECT * FROM compromissos ORDER BY data_compromisso ASC, ho...\n                                            ^ in C:\\WebServer\\Apache24\\htdocs\\Agenda\\app\\models\\Compromissos.php:44\nStack trace:\n#0 C:\\WebServer\\Apache24\\htdocs\\Agenda\\app\\models\\Compromissos.php(44): PDOStatement->execute()\n#1 C:\\WebServer\\Apache24\\htdocs\\Agenda\\app\\views\\compromissos.php(8): Compromissos->ListarTodosCompromissos()\n#2 {main}\n  thrown in C:\\WebServer\\Apache24\\htdocs\\Agenda\\app\\models\\Compromissos.php on line 44, referer: http://localhost/Agenda/app/views/contatos.php
[Mon Jun 22 19:45:09.566882 2026] [php:warn] [pid 15952:tid 1356] [client ::1:58168] PHP Warning:  Undefined array key "id_contato" in C:\\WebServer\\Apache24\\htdocs\\Agenda\\app\\controllers\\editarcontato.php on line 5, referer: http://localhost/Agenda/app/views/editarcontato.php?var=1
[Mon Jun 22 19:45:09.566882 2026] [php:warn] [pid 15952:tid 1356] [client ::1:58168] PHP Warning:  Undefined array key "url" in C:\\WebServer\\Apache24\\htdocs\\Agenda\\app\\controllers\\editarcontato.php on line 10, referer: http://localhost/Agenda/app/views/editarcontato.php?var=1
[Mon Jun 22 19:45:25.037685 2026] [php:error] [pid 15952:tid 1348] [client ::1:55620] PHP Fatal error:  Uncaught PDOException: SQLSTATE[42703]: Undefined column: 7 ERRO:  coluna "data_compromisso" n\xc3\xa3o existe\nLINE 1: SELECT * FROM compromissos ORDER BY data_compromisso ASC, ho...\n                                            ^ in C:\\WebServer\\Apache24\\htdocs\\Agenda\\app\\models\\Compromissos.php:44\nStack trace:\n#0 C:\\WebServer\\Apache24\\htdocs\\Agenda\\app\\models\\Compromissos.php(44): PDOStatement->execute()\n#1 C:\\WebServer\\Apache24\\htdocs\\Agenda\\app\\views\\compromissos.php(8): Compromissos->ListarTodosCompromissos()\n#2 {main}\n  thrown in C:\\WebServer\\Apache24\\htdocs\\Agenda\\app\\models\\Compromissos.php on line 44, referer: http://localhost/Agenda/app/views/contatos.php?id=1
[Mon Jun 22 19:49:04.602906 2026] [php:error] [pid 15952:tid 1348] [client ::1:61271] PHP Fatal error:  Uncaught PDOException: SQLSTATE[42703]: Undefined column: 7 ERRO:  coluna "titulo" da rela\xc3\xa7\xc3\xa3o "compromissos" n\xc3\xa3o existe\nLINE 1: INSERT INTO compromissos (titulo, data_compromisso, hora_com...\n                                  ^ in C:\\WebServer\\Apache24\\htdocs\\Agenda\\app\\models\\Compromissos.php:29\nStack trace:\n#0 C:\\WebServer\\Apache24\\htdocs\\Agenda\\app\\models\\Compromissos.php(29): PDOStatement->execute()\n#1 C:\\WebServer\\Apache24\\htdocs\\Agenda\\app\\controllers\\cadastrar_compromissos.php(16): Compromissos->CadastrarCompromisso('dentista', '2026-06-23', '10:51', 'dentista', 'dentista', '1')\n#2 {main}\n  thrown in C:\\WebServer\\Apache24\\htdocs\\Agenda\\app\\models\\Compromissos.php on line 29, referer: http://localhost/Agenda/app/views/novocompromisso.php
[Mon Jun 22 19:51:18.945033 2026] [php:error] [pid 15952:tid 1356] [client ::1:61086] PHP Fatal error:  Uncaught PDOException: SQLSTATE[42703]: Undefined column: 7 ERRO:  coluna "titulo" da rela\xc3\xa7\xc3\xa3o "compromissos" n\xc3\xa3o existe\nLINE 1: INSERT INTO compromissos (titulo, data_compromisso, hora_com...\n                                  ^ in C:\\WebServer\\Apache24\\htdocs\\Agenda\\app\\models\\Compromissos.php:29\nStack trace:\n#0 C:\\WebServer\\Apache24\\htdocs\\Agenda\\app\\models\\Compromissos.php(29): PDOStatement->execute()\n#1 C:\\WebServer\\Apache24\\htdocs\\Agenda\\app\\controllers\\cadastrar_compromissos.php(16): Compromissos->CadastrarCompromisso('dentista', '2026-06-23', '10:51', 'dentista', 'dentista', '1')\n#2 {main}\n  thrown in C:\\WebServer\\Apache24\\htdocs\\Agenda\\app\\models\\Compromissos.php on line 29, referer: http://localhost/Agenda/app/views/novocompromisso.php
[Mon Jun 22 19:51:23.641973 2026] [php:error] [pid 15952:tid 1356] [client ::1:61086] PHP Fatal error:  Uncaught PDOException: SQLSTATE[42703]: Undefined column: 7 ERRO:  coluna "titulo" da rela\xc3\xa7\xc3\xa3o "compromissos" n\xc3\xa3o existe\nLINE 1: INSERT INTO compromissos (titulo, data_compromisso, hora_com...\n                                  ^ in C:\\WebServer\\Apache24\\htdocs\\Agenda\\app\\models\\Compromissos.php:29\nStack trace:\n#0 C:\\WebServer\\Apache24\\htdocs\\Agenda\\app\\models\\Compromissos.php(29): PDOStatement->execute()\n#1 C:\\WebServer\\Apache24\\htdocs\\Agenda\\app\\controllers\\cadastrar_compromissos.php(16): Compromissos->CadastrarCompromisso('dentista', '2026-06-23', '10:51', 'dentista', 'dentista', '1')\n#2 {main}\n  thrown in C:\\WebServer\\Apache24\\htdocs\\Agenda\\app\\models\\Compromissos.php on line 29, referer: http://localhost/Agenda/app/views/novocompromisso.php
[Mon Jun 22 19:53:09.505527 2026] [php:error] [pid 15952:tid 1356] [client ::1:62836] PHP Fatal error:  Uncaught PDOException: SQLSTATE[42703]: Undefined column: 7 ERRO:  coluna "titulo" da rela\xc3\xa7\xc3\xa3o "compromissos" n\xc3\xa3o existe\nLINE 1: INSERT INTO compromissos (titulo, data_compromisso, hora_com...\n                                  ^ in C:\\WebServer\\Apache24\\htdocs\\Agenda\\app\\models\\Compromissos.php:29\nStack trace:\n#0 C:\\WebServer\\Apache24\\htdocs\\Agenda\\app\\models\\Compromissos.php(29): PDOStatement->execute()\n#1 C:\\WebServer\\Apache24\\htdocs\\Agenda\\app\\controllers\\cadastrar_compromissos.php(16): Compromissos->CadastrarCompromisso('dentista', '2026-06-23', '11:52', 'dentista', 'dentista', '1')\n#2 {main}\n  thrown in C:\\WebServer\\Apache24\\htdocs\\Agenda\\app\\models\\Compromissos.php on line 29, referer: http://localhost/Agenda/app/views/novocompromisso.php
[Tue Jun 23 19:28:28.721336 2026] [php:error] [pid 15952:tid 1356] [client ::1:53559] PHP Fatal error:  Uncaught Error: Call to a member function prepare() on null in C:\\WebServer\\Apache24\\htdocs\\Agenda\\app\\models\\User.php:113\nStack trace:\n#0 C:\\WebServer\\Apache24\\htdocs\\Agenda\\app\\controllers\\cadastrar_usuario.php(11): User->CadastrarUsuario('Amanda', 'amanda@gmail.co...', 'e10adc3949ba59a...')\n#1 {main}\n  thrown in C:\\WebServer\\Apache24\\htdocs\\Agenda\\app\\models\\User.php on line 113, referer: http://localhost/Agenda/cadastrar.html
[Tue Jun 23 19:49:19.203029 2026] [php:warn] [pid 15952:tid 1348] [client ::1:59346] PHP Warning:  Undefined array key "id_contato" in C:\\WebServer\\Apache24\\htdocs\\Agenda\\app\\controllers\\editarcontato.php on line 5, referer: http://localhost/Agenda/app/views/editarcontato.php?var=1
[Tue Jun 23 19:49:19.203029 2026] [php:warn] [pid 15952:tid 1348] [client ::1:59346] PHP Warning:  Undefined array key "url" in C:\\WebServer\\Apache24\\htdocs\\Agenda\\app\\controllers\\editarcontato.php on line 10, referer: http://localhost/Agenda/app/views/editarcontato.php?var=1
[Tue Jun 23 19:56:16.939528 2026] [php:error] [pid 15952:tid 1356] [client ::1:53585] PHP Parse error:  syntax error, unexpected double-quote mark, expecting "-" or identifier or variable or number in C:\\WebServer\\Apache24\\htdocs\\Agenda\\app\\models\\Contatos.php on line 110, referer: http://localhost/Agenda/app/views/novocontato.php
[Tue Jun 23 20:53:28.872294 2026] [php:error] [pid 15952:tid 1356] [client ::1:49163] PHP Fatal error:  Uncaught PDOException: SQLSTATE[42703]: Undefined column: 7 ERRO:  coluna "data_compromisso" n\xc3\xa3o existe\nLINE 1: ...T * FROM contatos WHERE usuario_idfk = 2 ORDER BY data_compr...\n                                                             ^ in C:\\WebServer\\Apache24\\htdocs\\Agenda\\app\\models\\Compromissos.php:44\nStack trace:\n#0 C:\\WebServer\\Apache24\\htdocs\\Agenda\\app\\models\\Compromissos.php(44): PDOStatement->execute()\n#1 C:\\WebServer\\Apache24\\htdocs\\Agenda\\app\\views\\compromissos.php(8): Compromissos->ListarTodosCompromissos()\n#2 {main}\n  thrown in C:\\WebServer\\Apache24\\htdocs\\Agenda\\app\\models\\Compromissos.php on line 44, referer: http://localhost/agenda/app/views/contatos.php
[Tue Jun 23 20:56:08.996098 2026] [php:warn] [pid 15952:tid 1348] [client ::1:60190] PHP Warning:  Undefined array key "telefone" in C:\\WebServer\\Apache24\\htdocs\\Agenda\\app\\views\\perfil.php on line 59, referer: http://localhost/agenda/app/views/compromissos.php
[Tue Jun 23 20:56:08.996098 2026] [php:warn] [pid 15952:tid 1348] [client ::1:60190] PHP Warning:  Undefined array key "descricao" in C:\\WebServer\\Apache24\\htdocs\\Agenda\\app\\views\\perfil.php on line 61, referer: http://localhost/agenda/app/views/compromissos.php
[Tue Jun 23 21:04:09.970445 2026] [php:error] [pid 15952:tid 1356] [client ::1:62552] PHP Parse error:  syntax error, unexpected token "<" in C:\\WebServer\\Apache24\\htdocs\\Agenda\\app\\views\\configuracoes.php on line 94, referer: http://localhost/Agenda/app/views/configuracoes.php?view=semana
[Tue Jun 23 21:52:45.185039 2026] [php:error] [pid 15952:tid 1356] [client ::1:60415] script 'C:/WebServer/Apache24/htdocs/Agenda/app/views/excluircompromissos.php' not found or unable to stat, referer: http://localhost/Agenda/app/views/compromissos.php
[Tue Jun 23 21:53:32.542492 2026] [php:error] [pid 15952:tid 1348] [client ::1:60901] script 'C:/WebServer/Apache24/htdocs/Agenda/app/views/excluircompromissos.php' not found or unable to stat, referer: http://localhost/Agenda/app/views/compromissos.php
[Sat Jun 27 10:15:42.188372 2026] [php:warn] [pid 15952:tid 1356] [client ::1:64081] PHP Warning:  Undefined array key "id_contato" in C:\\WebServer\\Apache24\\htdocs\\Agenda\\app\\controllers\\editarcontato.php on line 5, referer: http://localhost/Agenda/app/views/editarcontato.php?var=8
[Sat Jun 27 10:15:42.189275 2026] [php:warn] [pid 15952:tid 1356] [client ::1:64081] PHP Warning:  Undefined array key "url" in C:\\WebServer\\Apache24\\htdocs\\Agenda\\app\\controllers\\editarcontato.php on line 10, referer: http://localhost/Agenda/app/views/editarcontato.php?var=8
[Sat Jun 27 10:23:19.283540 2026] [php:warn] [pid 15952:tid 1348] [client ::1:63024] PHP Warning:  include_once(../models/Usuario.php): Failed to open stream: No such file or directory in C:\\WebServer\\Apache24\\htdocs\\Agenda\\app\\controllers\\cadastrar_usuario.php on line 5, referer: http://localhost/Agenda/cadastrar.html
[Sat Jun 27 10:23:19.283540 2026] [php:warn] [pid 15952:tid 1348] [client ::1:63024] PHP Warning:  include_once(): Failed opening '../models/Usuario.php' for inclusion (include_path='.;C:\\php\\pear') in C:\\WebServer\\Apache24\\htdocs\\Agenda\\app\\controllers\\cadastrar_usuario.php on line 5, referer: http://localhost/Agenda/cadastrar.html
[Sat Jun 27 10:23:19.283540 2026] [php:error] [pid 15952:tid 1348] [client ::1:63024] PHP Fatal error:  Uncaught Error: Class "Usuario" not found in C:\\WebServer\\Apache24\\htdocs\\Agenda\\app\\controllers\\cadastrar_usuario.php:11\nStack trace:\n#0 {main}\n  thrown in C:\\WebServer\\Apache24\\htdocs\\Agenda\\app\\controllers\\cadastrar_usuario.php on line 11, referer: http://localhost/Agenda/cadastrar.html
[Sat Jun 27 10:25:09.149674 2026] [php:warn] [pid 15952:tid 1348] [client ::1:53773] PHP Warning:  include_once(../models/Usuario.php): Failed to open stream: No such file or directory in C:\\WebServer\\Apache24\\htdocs\\Agenda\\app\\controllers\\cadastrar_usuario.php on line 5, referer: http://localhost/Agenda/cadastrar.html
[Sat Jun 27 10:25:09.149674 2026] [php:warn] [pid 15952:tid 1348] [client ::1:53773] PHP Warning:  include_once(): Failed opening '../models/Usuario.php' for inclusion (include_path='.;C:\\php\\pear') in C:\\WebServer\\Apache24\\htdocs\\Agenda\\app\\controllers\\cadastrar_usuario.php on line 5, referer: http://localhost/Agenda/cadastrar.html
[Sat Jun 27 10:25:09.149674 2026] [php:error] [pid 15952:tid 1348] [client ::1:53773] PHP Fatal error:  Uncaught Error: Class "Usuario" not found in C:\\WebServer\\Apache24\\htdocs\\Agenda\\app\\controllers\\cadastrar_usuario.php:11\nStack trace:\n#0 {main}\n  thrown in C:\\WebServer\\Apache24\\htdocs\\Agenda\\app\\controllers\\cadastrar_usuario.php on line 11, referer: http://localhost/Agenda/cadastrar.html
[Sat Jun 27 10:25:50.710303 2026] [php:warn] [pid 15952:tid 1348] [client ::1:55348] PHP Warning:  include_once(../models/Usuario.php): Failed to open stream: No such file or directory in C:\\WebServer\\Apache24\\htdocs\\Agenda\\app\\controllers\\cadastrar_usuario.php on line 5, referer: http://localhost/Agenda/cadastrar.html
[Sat Jun 27 10:25:50.710303 2026] [php:warn] [pid 15952:tid 1348] [client ::1:55348] PHP Warning:  include_once(): Failed opening '../models/Usuario.php' for inclusion (include_path='.;C:\\php\\pear') in C:\\WebServer\\Apache24\\htdocs\\Agenda\\app\\controllers\\cadastrar_usuario.php on line 5, referer: http://localhost/Agenda/cadastrar.html
[Sat Jun 27 10:25:50.710303 2026] [php:error] [pid 15952:tid 1348] [client ::1:55348] PHP Fatal error:  Uncaught Error: Class "Usuario" not found in C:\\WebServer\\Apache24\\htdocs\\Agenda\\app\\controllers\\cadastrar_usuario.php:11\nStack trace:\n#0 {main}\n  thrown in C:\\WebServer\\Apache24\\htdocs\\Agenda\\app\\controllers\\cadastrar_usuario.php on line 11, referer: http://localhost/Agenda/cadastrar.html
[Sat Jun 27 10:30:26.445998 2026] [php:error] [pid 15952:tid 1356] [client ::1:52250] PHP Fatal error:  Uncaught Error: Class "Usuario" not found in C:\\WebServer\\Apache24\\htdocs\\Agenda\\app\\controllers\\cadastrar_usuario.php:11\nStack trace:\n#0 {main}\n  thrown in C:\\WebServer\\Apache24\\htdocs\\Agenda\\app\\controllers\\cadastrar_usuario.php on line 11, referer: http://localhost/Agenda/cadastrar.html
[Sat Jun 27 10:39:08.514510 2026] [php:error] [pid 15952:tid 1348] [client ::1:61143] PHP Fatal error:  Uncaught Error: Class "Usuario" not found in C:\\WebServer\\Apache24\\htdocs\\Agenda\\app\\controllers\\cadastrar_usuario.php:11\nStack trace:\n#0 {main}\n  thrown in C:\\WebServer\\Apache24\\htdocs\\Agenda\\app\\controllers\\cadastrar_usuario.php on line 11, referer: http://localhost/Agenda/cadastrar.html
[Sat Jun 27 14:37:02.607903 2026] [php:warn] [pid 15952:tid 1356] [client ::1:57951] PHP Warning:  include_once(../models/Usuario.php): Failed to open stream: No such file or directory in C:\\WebServer\\Apache24\\htdocs\\Agenda\\app\\controllers\\cadastrar_usuario.php on line 5, referer: http://localhost/Agenda/cadastrar.html
[Sat Jun 27 14:37:02.607903 2026] [php:warn] [pid 15952:tid 1356] [client ::1:57951] PHP Warning:  include_once(): Failed opening '../models/Usuario.php' for inclusion (include_path='.;C:\\php\\pear') in C:\\WebServer\\Apache24\\htdocs\\Agenda\\app\\controllers\\cadastrar_usuario.php on line 5, referer: http://localhost/Agenda/cadastrar.html
[Sat Jun 27 14:37:02.607903 2026] [php:error] [pid 15952:tid 1356] [client ::1:57951] PHP Fatal error:  Uncaught Error: Class "Usuario" not found in C:\\WebServer\\Apache24\\htdocs\\Agenda\\app\\controllers\\cadastrar_usuario.php:11\nStack trace:\n#0 {main}\n  thrown in C:\\WebServer\\Apache24\\htdocs\\Agenda\\app\\controllers\\cadastrar_usuario.php on line 11, referer: http://localhost/Agenda/cadastrar.html
[Sat Jun 27 14:37:33.432257 2026] [php:error] [pid 15952:tid 1348] [client ::1:53861] PHP Fatal error:  Uncaught Error: Class "Usuario" not found in C:\\WebServer\\Apache24\\htdocs\\Agenda\\app\\controllers\\cadastrar_usuario.php:11\nStack trace:\n#0 {main}\n  thrown in C:\\WebServer\\Apache24\\htdocs\\Agenda\\app\\controllers\\cadastrar_usuario.php on line 11, referer: http://localhost/Agenda/cadastrar.html
[Sat Jun 27 14:55:24.317456 2026] [php:error] [pid 15952:tid 1348] [client ::1:60228] PHP Parse error:  syntax error, unexpected token "?" in C:\\WebServer\\Apache24\\htdocs\\Agenda\\app\\controllers\\login.php on line 1, referer: http://localhost/Agenda/index.html
[Sat Jun 27 14:55:56.398958 2026] [php:error] [pid 15952:tid 1356] [client ::1:55151] script 'C:/WebServer/Apache24/htdocs/Agenda/app/views/daashboard.php' not found or unable to stat, referer: http://localhost/Agenda/app/controllers/login.php
[Sat Jun 27 14:56:10.942291 2026] [php:error] [pid 15952:tid 1356] [client ::1:64872] script 'C:/WebServer/Apache24/htdocs/Agenda/app/views/daashboard.php' not found or unable to stat, referer: http://localhost/Agenda/app/controllers/login.php
[Sat Jun 27 14:56:23.917702 2026] [php:error] [pid 15952:tid 1348] [client ::1:63451] script 'C:/WebServer/Apache24/htdocs/Agenda/app/views/daashboard.php' not found or unable to stat, referer: http://localhost/Agenda/app/controllers/login.php
[Sat Jun 27 14:56:25.657404 2026] [php:error] [pid 15952:tid 1348] [client ::1:63451] script 'C:/WebServer/Apache24/htdocs/Agenda/app/views/daashboard.php' not found or unable to stat, referer: http://localhost/Agenda/app/controllers/login.php
[Sat Jun 27 14:56:25.858048 2026] [php:error] [pid 15952:tid 1348] [client ::1:63451] script 'C:/WebServer/Apache24/htdocs/Agenda/app/views/daashboard.php' not found or unable to stat, referer: http://localhost/Agenda/app/controllers/login.php
[Sat Jun 27 14:56:26.040078 2026] [php:error] [pid 15952:tid 1348] [client ::1:63451] script 'C:/WebServer/Apache24/htdocs/Agenda/app/views/daashboard.php' not found or unable to stat, referer: http://localhost/Agenda/app/controllers/login.php
[Sat Jun 27 14:56:26.214669 2026] [php:error] [pid 15952:tid 1348] [client ::1:63451] script 'C:/WebServer/Apache24/htdocs/Agenda/app/views/daashboard.php' not found or unable to stat, referer: http://localhost/Agenda/app/controllers/login.php
[Sat Jun 27 15:00:14.608898 2026] [php:error] [pid 15952:tid 1356] [client ::1:60340] PHP Fatal error:  Uncaught PDOException: SQLSTATE[08P01]: <<Unknown error>>: 7 ERRO:  mensagem de liga\xc3\xa7\xc3\xa3o forneceu 6 par\xc3\xa2metros, mas comando preparado "pdo_stmt_00000001" requer 7 in C:\\WebServer\\Apache24\\htdocs\\Agenda\\app\\models\\Compromissos.php:83\nStack trace:\n#0 C:\\WebServer\\Apache24\\htdocs\\Agenda\\app\\models\\Compromissos.php(83): PDOStatement->execute()\n#1 C:\\WebServer\\Apache24\\htdocs\\Agenda\\app\\controllers\\editarcompromisso.php(14): Compromissos->EditarCompromisso('2', 'dentista', '2026-06-28', '11:00', 'vd', 'vc')\n#2 {main}\n  thrown in C:\\WebServer\\Apache24\\htdocs\\Agenda\\app\\models\\Compromissos.php on line 83, referer: http://localhost/Agenda/app/views/editarcompromisso.php?var=2
[Sat Jun 27 15:01:55.257431 2026] [php:error] [pid 15952:tid 1348] [client ::1:61145] PHP Fatal error:  Uncaught PDOException: SQLSTATE[08P01]: <<Unknown error>>: 7 ERRO:  mensagem de liga\xc3\xa7\xc3\xa3o forneceu 6 par\xc3\xa2metros, mas comando preparado "pdo_stmt_00000001" requer 7 in C:\\WebServer\\Apache24\\htdocs\\Agenda\\app\\models\\Compromissos.php:83\nStack trace:\n#0 C:\\WebServer\\Apache24\\htdocs\\Agenda\\app\\models\\Compromissos.php(83): PDOStatement->execute()\n#1 C:\\WebServer\\Apache24\\htdocs\\Agenda\\app\\controllers\\editarcompromisso.php(14): Compromissos->EditarCompromisso('2', 'dentista', '2026-06-28', '11:00', 'vd', 'vc')\n#2 {main}\n  thrown in C:\\WebServer\\Apache24\\htdocs\\Agenda\\app\\models\\Compromissos.php on line 83, referer: http://localhost/Agenda/app/views/editarcompromisso.php?var=2
[Sat Jun 27 15:02:21.689268 2026] [php:error] [pid 15952:tid 1348] [client ::1:49618] PHP Fatal error:  Uncaught PDOException: SQLSTATE[08P01]: <<Unknown error>>: 7 ERRO:  mensagem de liga\xc3\xa7\xc3\xa3o forneceu 1 par\xc3\xa2metros, mas comando preparado "pdo_stmt_00000001" requer 2 in C:\\WebServer\\Apache24\\htdocs\\Agenda\\app\\models\\Compromissos.php:98\nStack trace:\n#0 C:\\WebServer\\Apache24\\htdocs\\Agenda\\app\\models\\Compromissos.php(98): PDOStatement->execute()\n#1 C:\\WebServer\\Apache24\\htdocs\\Agenda\\app\\controllers\\excluircompromissos.php(9): Compromissos->ExcluirCompromisso('2')\n#2 {main}\n  thrown in C:\\WebServer\\Apache24\\htdocs\\Agenda\\app\\models\\Compromissos.php on line 98, referer: http://localhost/Agenda/app/views/compromissos.php
[Sat Jun 27 15:02:40.712413 2026] [php:warn] [pid 15952:tid 1356] [client ::1:56297] PHP Warning:  Undefined array key "telefone" in C:\\WebServer\\Apache24\\htdocs\\Agenda\\app\\views\\perfil.php on line 65, referer: http://localhost/Agenda/app/views/compromissos.php
[Sat Jun 27 15:02:40.712413 2026] [php:warn] [pid 15952:tid 1356] [client ::1:56297] PHP Warning:  Undefined array key "descricao" in C:\\WebServer\\Apache24\\htdocs\\Agenda\\app\\views\\perfil.php on line 67, referer: http://localhost/Agenda/app/views/compromissos.php
[Sat Jun 27 15:03:06.820490 2026] [php:error] [pid 15952:tid 1348] [client ::1:50509] PHP Fatal error:  Uncaught Error: Call to undefined method User::UploadFoto() in C:\\WebServer\\Apache24\\htdocs\\Agenda\\app\\controllers\\upload.php:11\nStack trace:\n#0 {main}\n  thrown in C:\\WebServer\\Apache24\\htdocs\\Agenda\\app\\controllers\\upload.php on line 11, referer: http://localhost/Agenda/app/views/perfil.php
[Sat Jun 27 15:07:12.155657 2026] [php:warn] [pid 15952:tid 1356] [client ::1:64060] PHP Warning:  Undefined array key "telefone" in C:\\WebServer\\Apache24\\htdocs\\Agenda\\app\\views\\perfil.php on line 65, referer: http://localhost/Agenda/app/views/compromissos.php
[Sat Jun 27 15:07:12.155657 2026] [php:warn] [pid 15952:tid 1356] [client ::1:64060] PHP Warning:  Undefined array key "descricao" in C:\\WebServer\\Apache24\\htdocs\\Agenda\\app\\views\\perfil.php on line 67, referer: http://localhost/Agenda/app/views/compromissos.php
[Sat Jun 27 15:07:15.264536 2026] [php:error] [pid 15952:tid 1356] [client ::1:64060] PHP Parse error:  syntax error, unexpected token "=" in C:\\WebServer\\Apache24\\htdocs\\Agenda\\app\\models\\Compromissos.php on line 93, referer: http://localhost/Agenda/app/views/perfil.php
[Sat Jun 27 15:07:30.757679 2026] [php:error] [pid 15952:tid 1348] [client ::1:49221] PHP Parse error:  syntax error, unexpected token "=" in C:\\WebServer\\Apache24\\htdocs\\Agenda\\app\\models\\Compromissos.php on line 93
[Sat Jun 27 15:07:37.962699 2026] [php:warn] [pid 15952:tid 1356] [client ::1:49893] PHP Warning:  Undefined array key "telefone" in C:\\WebServer\\Apache24\\htdocs\\Agenda\\app\\views\\perfil.php on line 65, referer: http://localhost/Agenda/app/views/compromissos.php
[Sat Jun 27 15:07:37.962699 2026] [php:warn] [pid 15952:tid 1356] [client ::1:49893] PHP Warning:  Undefined array key "descricao" in C:\\WebServer\\Apache24\\htdocs\\Agenda\\app\\views\\perfil.php on line 67, referer: http://localhost/Agenda/app/views/compromissos.php
[Sat Jun 27 15:07:38.132309 2026] [php:warn] [pid 15952:tid 1356] [client ::1:49893] PHP Warning:  Undefined array key "telefone" in C:\\WebServer\\Apache24\\htdocs\\Agenda\\app\\views\\perfil.php on line 65, referer: http://localhost/Agenda/app/views/compromissos.php
[Sat Jun 27 15:07:38.132309 2026] [php:warn] [pid 15952:tid 1356] [client ::1:49893] PHP Warning:  Undefined array key "descricao" in C:\\WebServer\\Apache24\\htdocs\\Agenda\\app\\views\\perfil.php on line 67, referer: http://localhost/Agenda/app/views/compromissos.php
[Sat Jun 27 15:07:38.317356 2026] [php:warn] [pid 15952:tid 1356] [client ::1:49893] PHP Warning:  Undefined array key "telefone" in C:\\WebServer\\Apache24\\htdocs\\Agenda\\app\\views\\perfil.php on line 65, referer: http://localhost/Agenda/app/views/compromissos.php
[Sat Jun 27 15:07:38.317356 2026] [php:warn] [pid 15952:tid 1356] [client ::1:49893] PHP Warning:  Undefined array key "descricao" in C:\\WebServer\\Apache24\\htdocs\\Agenda\\app\\views\\perfil.php on line 67, referer: http://localhost/Agenda/app/views/compromissos.php
[Sat Jun 27 15:07:39.797638 2026] [php:error] [pid 15952:tid 1356] [client ::1:49893] PHP Parse error:  syntax error, unexpected token "=" in C:\\WebServer\\Apache24\\htdocs\\Agenda\\app\\models\\Compromissos.php on line 93, referer: http://localhost/Agenda/app/views/perfil.php
[Sat Jun 27 15:09:20.571111 2026] [php:error] [pid 15952:tid 1348] [client ::1:51852] PHP Parse error:  syntax error, unexpected token "=" in C:\\WebServer\\Apache24\\htdocs\\Agenda\\app\\models\\Compromissos.php on line 93
[Sat Jun 27 15:09:42.067359 2026] [php:warn] [pid 15952:tid 1344] [client ::1:57393] PHP Warning:  Undefined array key "id_contato" in C:\\WebServer\\Apache24\\htdocs\\Agenda\\app\\controllers\\editarcontato.php on line 5, referer: http://localhost/Agenda/app/views/editarcontato.php?var=2
[Sat Jun 27 15:09:42.067359 2026] [php:warn] [pid 15952:tid 1344] [client ::1:57393] PHP Warning:  Undefined array key "url" in C:\\WebServer\\Apache24\\htdocs\\Agenda\\app\\controllers\\editarcontato.php on line 10, referer: http://localhost/Agenda/app/views/editarcontato.php?var=2
[Sat Jun 27 15:09:48.946228 2026] [php:error] [pid 15952:tid 1344] [client ::1:57393] PHP Parse error:  syntax error, unexpected token "=" in C:\\WebServer\\Apache24\\htdocs\\Agenda\\app\\models\\Compromissos.php on line 93, referer: http://localhost/Agenda/app/views/contatos.php
[Sat Jun 27 15:37:41.229491 2026] [php:warn] [pid 15952:tid 1356] [client ::1:56307] PHP Warning:  Undefined variable $buscar in C:\\WebServer\\Apache24\\htdocs\\Agenda\\app\\views\\compromissos.php on line 14, referer: http://localhost/Agenda/app/views/dashboard.php
[Sat Jun 27 16:30:24.277477 2026] [php:error] [pid 15952:tid 1344] [client ::1:55243] PHP Fatal error:  Uncaught Error: Call to undefined method Contatos::BuscarContatos() in C:\\WebServer\\Apache24\\htdocs\\Agenda\\app\\views\\dashboard.php:23\nStack trace:\n#0 {main}\n  thrown in C:\\WebServer\\Apache24\\htdocs\\Agenda\\app\\views\\dashboard.php on line 23, referer: http://localhost/Agenda/app/views/dashboard.php
[Sat Jun 27 16:38:17.118591 2026] [php:warn] [pid 15952:tid 1344] [client ::1:64595] PHP Warning:  Undefined array key "telefone" in C:\\WebServer\\Apache24\\htdocs\\Agenda\\app\\views\\perfil.php on line 65, referer: http://localhost/Agenda/app/views/compromissos.php
[Sat Jun 27 16:38:17.118591 2026] [php:warn] [pid 15952:tid 1344] [client ::1:64595] PHP Warning:  Undefined array key "descricao" in C:\\WebServer\\Apache24\\htdocs\\Agenda\\app\\views\\perfil.php on line 67, referer: http://localhost/Agenda/app/views/compromissos.php
[Sat Jun 27 16:47:37.900294 2026] [php:error] [pid 15952:tid 1348] [client ::1:53686] script 'C:/WebServer/Apache24/htdocs/Agenda/app/views/pagina_inicial.php' not found or unable to stat, referer: http://localhost/Agenda/app/views/perfil.php
[Sat Jun 27 16:47:44.004978 2026] [php:error] [pid 15952:tid 1344] [client ::1:56750] script 'C:/WebServer/Apache24/htdocs/Agenda/app/views/pagina_inicial.php' not found or unable to stat, referer: http://localhost/Agenda/app/views/perfil.php
[Sat Jun 27 16:48:18.125852 2026] [php:warn] [pid 15952:tid 1348] [client ::1:58290] PHP Warning:  Undefined array key "telefone" in C:\\WebServer\\Apache24\\htdocs\\Agenda\\app\\views\\perfil.php on line 65, referer: http://localhost/Agenda/app/views/compromissos.php
[Sat Jun 27 16:48:18.125852 2026] [php:warn] [pid 15952:tid 1348] [client ::1:58290] PHP Warning:  Undefined array key "descricao" in C:\\WebServer\\Apache24\\htdocs\\Agenda\\app\\views\\perfil.php on line 67, referer: http://localhost/Agenda/app/views/compromissos.php
[Sat Jun 27 16:48:18.686448 2026] [php:warn] [pid 15952:tid 1348] [client ::1:58290] PHP Warning:  Undefined array key "telefone" in C:\\WebServer\\Apache24\\htdocs\\Agenda\\app\\views\\perfil.php on line 65, referer: http://localhost/Agenda/app/views/compromissos.php
[Sat Jun 27 16:48:18.686448 2026] [php:warn] [pid 15952:tid 1348] [client ::1:58290] PHP Warning:  Undefined array key "descricao" in C:\\WebServer\\Apache24\\htdocs\\Agenda\\app\\views\\perfil.php on line 67, referer: http://localhost/Agenda/app/views/compromissos.php
[Sat Jun 27 16:48:19.075026 2026] [php:warn] [pid 15952:tid 1348] [client ::1:58290] PHP Warning:  Undefined array key "telefone" in C:\\WebServer\\Apache24\\htdocs\\Agenda\\app\\views\\perfil.php on line 65, referer: http://localhost/Agenda/app/views/compromissos.php
[Sat Jun 27 16:48:19.075026 2026] [php:warn] [pid 15952:tid 1348] [client ::1:58290] PHP Warning:  Undefined array key "descricao" in C:\\WebServer\\Apache24\\htdocs\\Agenda\\app\\views\\perfil.php on line 67, referer: http://localhost/Agenda/app/views/compromissos.php
[Sat Jun 27 16:48:22.204855 2026] [php:error] [pid 15952:tid 1348] [client ::1:58290] script 'C:/WebServer/Apache24/htdocs/Agenda/app/views/pagina_inicial.php' not found or unable to stat, referer: http://localhost/Agenda/app/views/perfil.php
[Sat Jun 27 16:48:57.977566 2026] [php:warn] [pid 15952:tid 1344] [client ::1:55656] PHP Warning:  Undefined array key "telefone" in C:\\WebServer\\Apache24\\htdocs\\Agenda\\app\\views\\perfil.php on line 65, referer: http://localhost/agenda/app/views/compromissos.php
[Sat Jun 27 16:48:57.977566 2026] [php:warn] [pid 15952:tid 1344] [client ::1:55656] PHP Warning:  Undefined array key "descricao" in C:\\WebServer\\Apache24\\htdocs\\Agenda\\app\\views\\perfil.php on line 67, referer: http://localhost/agenda/app/views/compromissos.php
[Sat Jun 27 16:53:16.959050 2026] [php:warn] [pid 15952:tid 1348] [client ::1:64842] PHP Warning:  Trying to access array offset on false in C:\\WebServer\\Apache24\\htdocs\\Agenda\\app\\views\\perfil.php on line 49, referer: http://localhost/agenda/app/views/compromissos.php
[Sat Jun 27 16:53:16.959050 2026] [php:warn] [pid 15952:tid 1348] [client ::1:64842] PHP Warning:  Trying to access array offset on false in C:\\WebServer\\Apache24\\htdocs\\Agenda\\app\\views\\perfil.php on line 50, referer: http://localhost/agenda/app/views/compromissos.php
[Sat Jun 27 16:53:16.959050 2026] [php:warn] [pid 15952:tid 1348] [client ::1:64842] PHP Warning:  Trying to access array offset on false in C:\\WebServer\\Apache24\\htdocs\\Agenda\\app\\views\\perfil.php on line 52, referer: http://localhost/agenda/app/views/compromissos.php
[Sat Jun 27 16:53:16.959050 2026] [php:warn] [pid 15952:tid 1348] [client ::1:64842] PHP Warning:  Trying to access array offset on false in C:\\WebServer\\Apache24\\htdocs\\Agenda\\app\\views\\perfil.php on line 61, referer: http://localhost/agenda/app/views/compromissos.php
[Sat Jun 27 16:53:16.959050 2026] [php:warn] [pid 15952:tid 1348] [client ::1:64842] PHP Warning:  Trying to access array offset on false in C:\\WebServer\\Apache24\\htdocs\\Agenda\\app\\views\\perfil.php on line 63, referer: http://localhost/agenda/app/views/compromissos.php
[Sat Jun 27 16:53:16.959050 2026] [php:warn] [pid 15952:tid 1348] [client ::1:64842] PHP Warning:  Trying to access array offset on false in C:\\WebServer\\Apache24\\htdocs\\Agenda\\app\\views\\perfil.php on line 65, referer: http://localhost/agenda/app/views/compromissos.php
[Sat Jun 27 16:53:16.959050 2026] [php:warn] [pid 15952:tid 1348] [client ::1:64842] PHP Warning:  Trying to access array offset on false in C:\\WebServer\\Apache24\\htdocs\\Agenda\\app\\views\\perfil.php on line 67, referer: http://localhost/agenda/app/views/compromissos.php
[Sat Jun 27 16:53:19.319467 2026] [php:warn] [pid 15952:tid 1348] [client ::1:64842] PHP Warning:  Trying to access array offset on false in C:\\WebServer\\Apache24\\htdocs\\Agenda\\app\\views\\perfil.php on line 49, referer: http://localhost/agenda/app/views/compromissos.php
[Sat Jun 27 16:53:19.319467 2026] [php:warn] [pid 15952:tid 1348] [client ::1:64842] PHP Warning:  Trying to access array offset on false in C:\\WebServer\\Apache24\\htdocs\\Agenda\\app\\views\\perfil.php on line 50, referer: http://localhost/agenda/app/views/compromissos.php
[Sat Jun 27 16:53:19.319467 2026] [php:warn] [pid 15952:tid 1348] [client ::1:64842] PHP Warning:  Trying to access array offset on false in C:\\WebServer\\Apache24\\htdocs\\Agenda\\app\\views\\perfil.php on line 52, referer: http://localhost/agenda/app/views/compromissos.php
[Sat Jun 27 16:53:19.319467 2026] [php:warn] [pid 15952:tid 1348] [client ::1:64842] PHP Warning:  Trying to access array offset on false in C:\\WebServer\\Apache24\\htdocs\\Agenda\\app\\views\\perfil.php on line 61, referer: http://localhost/agenda/app/views/compromissos.php
[Sat Jun 27 16:53:19.319467 2026] [php:warn] [pid 15952:tid 1348] [client ::1:64842] PHP Warning:  Trying to access array offset on false in C:\\WebServer\\Apache24\\htdocs\\Agenda\\app\\views\\perfil.php on line 63, referer: http://localhost/agenda/app/views/compromissos.php
[Sat Jun 27 16:53:19.319467 2026] [php:warn] [pid 15952:tid 1348] [client ::1:64842] PHP Warning:  Trying to access array offset on false in C:\\WebServer\\Apache24\\htdocs\\Agenda\\app\\views\\perfil.php on line 65, referer: http://localhost/agenda/app/views/compromissos.php
[Sat Jun 27 16:53:19.319467 2026] [php:warn] [pid 15952:tid 1348] [client ::1:64842] PHP Warning:  Trying to access array offset on false in C:\\WebServer\\Apache24\\htdocs\\Agenda\\app\\views\\perfil.php on line 67, referer: http://localhost/agenda/app/views/compromissos.php
[Sat Jun 27 16:53:19.704390 2026] [php:warn] [pid 15952:tid 1348] [client ::1:64842] PHP Warning:  Trying to access array offset on false in C:\\WebServer\\Apache24\\htdocs\\Agenda\\app\\views\\perfil.php on line 49, referer: http://localhost/agenda/app/views/compromissos.php
[Sat Jun 27 16:53:19.704390 2026] [php:warn] [pid 15952:tid 1348] [client ::1:64842] PHP Warning:  Trying to access array offset on false in C:\\WebServer\\Apache24\\htdocs\\Agenda\\app\\views\\perfil.php on line 50, referer: http://localhost/agenda/app/views/compromissos.php
[Sat Jun 27 16:53:19.704390 2026] [php:warn] [pid 15952:tid 1348] [client ::1:64842] PHP Warning:  Trying to access array offset on false in C:\\WebServer\\Apache24\\htdocs\\Agenda\\app\\views\\perfil.php on line 52, referer: http://localhost/agenda/app/views/compromissos.php
[Sat Jun 27 16:53:19.704390 2026] [php:warn] [pid 15952:tid 1348] [client ::1:64842] PHP Warning:  Trying to access array offset on false in C:\\WebServer\\Apache24\\htdocs\\Agenda\\app\\views\\perfil.php on line 61, referer: http://localhost/agenda/app/views/compromissos.php
[Sat Jun 27 16:53:19.704390 2026] [php:warn] [pid 15952:tid 1348] [client ::1:64842] PHP Warning:  Trying to access array offset on false in C:\\WebServer\\Apache24\\htdocs\\Agenda\\app\\views\\perfil.php on line 63, referer: http://localhost/agenda/app/views/compromissos.php
[Sat Jun 27 16:53:19.704390 2026] [php:warn] [pid 15952:tid 1348] [client ::1:64842] PHP Warning:  Trying to access array offset on false in C:\\WebServer\\Apache24\\htdocs\\Agenda\\app\\views\\perfil.php on line 65, referer: http://localhost/agenda/app/views/compromissos.php
[Sat Jun 27 16:53:19.704390 2026] [php:warn] [pid 15952:tid 1348] [client ::1:64842] PHP Warning:  Trying to access array offset on false in C:\\WebServer\\Apache24\\htdocs\\Agenda\\app\\views\\perfil.php on line 67, referer: http://localhost/agenda/app/views/compromissos.php
[Sat Jun 27 16:53:19.876005 2026] [php:warn] [pid 15952:tid 1348] [client ::1:64842] PHP Warning:  Trying to access array offset on false in C:\\WebServer\\Apache24\\htdocs\\Agenda\\app\\views\\perfil.php on line 49, referer: http://localhost/agenda/app/views/compromissos.php
[Sat Jun 27 16:53:19.876005 2026] [php:warn] [pid 15952:tid 1348] [client ::1:64842] PHP Warning:  Trying to access array offset on false in C:\\WebServer\\Apache24\\htdocs\\Agenda\\app\\views\\perfil.php on line 50, referer: http://localhost/agenda/app/views/compromissos.php
